[    0.000000 Initializng cgroup subsys cpuset
[    0.000000] Initializing cgroup subsys cpu
[   0000000] Initiializing cgroup subsys cpuacct
[    0.000000] Linux version 4.4.0-159-generic (buildd@lgw01-amd64-042) (gcc version 5.4.0 20160609 (Ubuntu 5.4.0-6ubuntu1~16.04.10) ) #187-Ubuntu SMP Thu Aug 1 16:28:06 UTC 2019 (Ubuntu 4.4.0-159.187-generic 4.4.185)
[    0.000000] Command line: BOOT_IMAGE=/boot/vmlinuz-4.4.0-159-generic root=UUID=01909065-0362-439c-9af2-29d0fc837f6b ro console=tty1 console=ttyS
[    0.000000] KERNEL supported cpus:
[    0.0000]   InelGenuineIntel
[   0.000000]   AMD AuhenticAMD
[    0.00000]   Centaur CentaurHauls
[    0.000000] 86/pu: xstate_offset[2]: 576, xstate_sizes[2]:  256
[    0.000000] x86/fu: Supporting XSAVE feature 0x01: 'x87 floating point registers'
[    0.000000] x86/fpu: Supporting XSAVE feature 0x02: 'SSE registers'
[    0.000000] x86/fpu: Supporting XSAVE feature 0x04: 'AVX registers'
[    0.000000] x86/fpu: Enabled xstate features 0x7, context size is 832 bytes, using 'standard' format.
[    0.000000] e820: BIOS-provided physical RAM map:
[    0.000000] BIOS-e820: [mem 0x0000000000000000-0x00000000009fbff] usable
[    0.000000] BIOS-e820: [mem 0x000000000009fc00-0x000000000009ffff] reserved
[    0.000000] BIOS-e820: [mem 0x00000000000f0000-0x00000000000fffff] reserved
[    0.000000] BIOS-e820: [mem 0x0000000000100000-0x000000003ffeffff] usable
[    0.000000] BIOS-e820: [mem 0x000000003fff0000-0x000000003fffffff] ACPI data
[    0.000000] BIOS-e820: [mem 0x00000000fec00000-0x00000000fec00fff] reserved
[    0.000000] BIOS-e820: [mem 0x00000000fee00000-0x00000000fee00fff] reserved
[    0.000000] BIOS-e820: [mem  0x00000000fffc0000-0x00000000ffffffff] reserved
[    0.000000] NX (Execute Disble) protection: active
[    0.000000] SMBIOS 2.5 present.
[    0.000000] Hypervisor detected: KVM
[    0.000000] e820: last_pfn = 0x3fff0 max_arch_pfn = 0x400000000
[    0.000000] MTRR: Disabled
[    0.00000] x86/PAT: MTRRs disabled, skipping PAT initialization too.
[    0.000000] CPU MTRRs all blank - virtualized system.
[    0.000000] x86/PAT: Configuration [0-7]: WB  WT  UC- UC  WB  WT  UC- UC  
[    0.000000] found SMP MP-table at [mem 0x0009fff0-0x0009ffff] mapped at [ffff88000009fff0]
[    0.000000] Scanning 1 areas for low memory corruption
[    0.000000] RAMDISK: [mem 0x361e6000-0x370eafff]
[    0.000000] ACPI: Early table checksum verification disabled
[    0.000000] ACPI: RSDP 0x00000000000E0000 000024 (v02 VBOX  )
[    0.000000] ACPI: XSDT 0x000000003FFF0030 00003C (v01 VBOX   VBOXXSDT 00000001 ASL  00000061)
[    0.000000] ACPI: FACP 0x000000003FFF00F0 0000F4 (v04 VBOX   VBOXFACP 00000001 ASL  00000061)
[    0.000000] ACPI: DSDT 0x000000003FFF0470 0021FF (v02 VBOX   VBOXBIOS 00000002 INTL 20100528)
[    0.000000] ACPI: FACS 0x000000003FFF0200 000040
[    0.000000] ACPI: FACS 0x000000003FFF0200 000040
[    0.000000] ACPI: APIC 0x000000003FFF0240 00005C (v02 VBOX   VBOXAPIC 00000001 ASL  00000061)
[    0.000000] ACPI: SSDT 0x000000003FFF02A0 0001CC (v01 VBOX   VBOXCPUT 00000002 INTL 20100528)
[    0.000000] No NUMA configuration found
[    0.000000] Faking a node at [mem 0x0000000000000000-0x000000003ffeffff]
[    0..000000] NODE_DATA(0) allocated [mem 0x3ffeb000-0x3ffeffff]
[    0.000000] kvm-clock: Using msrs 4b564d01 and 4b564d00
[    0.000000] kvm-clock: cpu 0, msr 0:3ffe3001, primary cpu clock
[    0.000000] kvm-clock: using sched offset of 5993856677 cycles
[    0.000000] clocksource: kvm-clock: mask: 0xffffffffffffffff max_cycles: 0x1cd42e4dffb, max_idle_ns: 881590591483 ns
[    0.000000] Zone ranges:
[    0.000000]   DMA      [mem 0x0000000000001000-0x0000000000ffffff]
[    0.000000]   DMA32    [mem 0x0000000001000000-0x000000003ffeffff]
[    0.000000]   Normal   empty
[    0.000000]   Device   empty
[    0.000000] Movable zone start for each node
[    0.000000] Early memory node ranges
[    0.000000]   node   0: [mem 0x0000000000001000-0x000000000009efff]
[    0.000000]   node   0: [mem 0x0000000000100000-0x000000003ffeffff]
[    0.000000] Initmem setup node 0 [mem 0x0000000000001000-0x000000003ffeffff]
[    0.000000] ACPI: PM-Timer IO Port: 0x4008
[    0.000000] IOAPIC[0]: apic_id 2, version 32, address 0xfec00000, GSI 0-23
[    0.000000] ACPI: INT_SRC_OVR (bus 0 bus_irq 0 global_irq 2 dfl dfl)
[    0.000000] ACPI: INT_SRC_OVR (bus 0 bus_irq 9 global_irq 9 low level)
[    0.000000] Using ACPI (MADT) for SMP configuration information
[    0.000000] smpboot: Allowing 2 CPUs, 0 hotplug CPUs
[    0.000000] PM: Registered nosave memory: [mem 0x00000000-0x00000fff]
[    0.000000] PM: Registered nosave memory: [mem 0x0009f000-0x0009ffff]
[    0.000000] PM: Registered nosave memory: [mem 0x000a0000-0x000effff]
[    0.000000] PM: Registered nosave memory: [mem 0x000f0000-0x000fffff]
[    0.000000] e820: [mem 0x40000000-0xfebfffff] available for PCI devices
[    0.000000] Booting paravirtualized kernel on KVM
[    0.000000] clocksource: refined-jiffies: mask: 0xffffffff max_cycles: 0xffffffff, max_idle_ns: 7645519600211568 ns
[    0.000000] setup_percpu: NR_CPUS:512 nr_cpumask_bits:512 nr_cpu_ids:2 nr_node_ids:1
[    0.000000] PERCPU: Embedded 34 pages/cpu @ffff88003fc00000 s99544 r8192 d31528 u1048576
[    0.000000] Built 1 zonelists in Node order, mobility grouping on.  Total pages: 257912
[    0.000000] Policy zone DMA32
[    0.000000] Kernel command line: BOOT_IMAGE=/boot/vmlinuz-4.4.0-159-generic root=UUID=01909065-0362-439c-9af2-29d0fc837f6b ro console=tty1 console=ttyS0
[    0.000000] PID hash table entries: 4096 (order: 3, 32768 bytes)
[    0.000000] Memory: 997176K/1048120K available (8618K kernel code, 1335K rwdata, 4032K rodata, 1488K init, 1284K bss, 50944K reserved, 0K cma-reserved)
[    0.000000] SLUB: HWalign=64, Order=0-3, MinObjects=0, CPUs=2, Nodes=1
[    0.000000] Kernel/User page tables isolation: enabled
[    0.000000] Hierarchical RCU implementation.
[    0.000000] 	Build-time adjustment of leaf fanout to 64.
[    0.000000] 	RCU restricting CPUs from NR_CPUS=512 to nr_cpu_ids=2.
[    0.000000] RCU: Adjusting geometry for rcu_fanout_leaf=64, nr_cpu_ids=2
[    0.000000] NR_IRQS:33024 nr_irqs:440 16
[    0.000000] Console: colour VGA+ 80x25
[    0.000000] console [tty1] enabled
[    0.000000] console [ttyS0] enabled
[    0.000000] tsc: Detected 2394.456 MHz processor
[    1.088105] Calibrating delay loop (skipped) preset value.. 4788.91 BogoMIPS (lpj=9577824)
[    1.092035] pid_max: default: 32768 minimum: 301
[    1.094025] ACPI: Core revision 20150930
[    1.100236] ACPI: 2 ACPI AML tables successfully acquired and loaded
[    1.129980] Security Framework initialized
[    1.131868] Yama: becoming mindful.
[    1.133583] AppArmor: AppArmor initialized
[    1.135711] Dentry cache hash table entries: 131072 (order: 8, 1048576 bytes)
[    1.149823] Inode-cache hash table entries: 65536 (order: 7, 524288 bytes)
[    1.152912] Mount-cache hash table entries: 2048 (order: 2, 16384 bytes)
[    1.155616] Mountpoint-cache hash table entries: 2048 (order: 2, 16384 bytes)
[    1.158843] Initializing cgroup subsys io
[    1.166191] Initializing cgroup subsys memory
[    1.169177] Initializing cgroup subsys devices
[    1.171274] Initializing cgroup subsys freezer
[    1.173766] Initializing cgroup subsys net_cls
[    1.178537] Initializing cgroup subsys perf_event
[    1.184268] Initializing cgroup subsys net_prio
[    1.186581] Initializing cgroup subsys hugetlb
[    1.189233] Initializing cgroup subsys pids
[    1.192401] mce: CPU supports 0 MCE banks
[    1.194259] Last level iTLB entries: 4KB 64, 2MB 8, 4MB 8
[    1.196529] Last level dTLB entries: 4KB 64, 2MB 0, 4MB 0, 1GB 4
[    1.199085] Spectre V1 : Mitigation: usercopy/swapgs barriers and __user pointer sanitization
[    1.203112] Spectre V2 : Mitigation: Full generic retpoline
[    1.205820] Spectre V2 : Spectre v2 / SpectreRSB mitigation: Filling RSB on context switch
[    1.209567] Speculative Store Bypass: Vulnerable
[    1.211746] MDS: Mitigation: Clear CPU buffers
[    1.218273] Freeing SMP alternatives memory: 36K
[    1.229056] ftrace: allocating 32318 entries in 127 pages
[    1.332773] smpboot: APIC(0) Converting physical 0 to logical package 0
[    1.335427] smpboot: Max logical packages: 1
[    1.338294] x2apic enabled
[    1.343256] Switched APIC routing to physical x2apic.
[    1.348516] ..TIMER: vector=0x30 apic1=0 pin1=2 apic2=-1 pin2=-1
[    1.458314] smpboot: CPU0: Intel(R) Core(TM) i7-5500U CPU @ 2.40GHz (family: 0x6, model: 0x3d, stepping: 0x4)
[    1.462897] Performance Events: unsupported p6 CPU model 61 no PMU driver, software events only.
[    1.480790] KVM setup paravirtual spinlock
[    1.483746] x86: Booting SMP configuration:
[    1.485612] .... node  #0, CPUs:      #1
[    1.487323] kvm-clock: cpu 1, msr 0:3ffe3041, secondary cpu clock
[    1.490264] mce: CPU supports 0 MCE banks
[    1.493747] x86: Booted up 1 node, 2 CPUs
[    1.496294] smpboot: Total of 2 processors activated (9577.82 BogoMIPS)
[    1.499671] devtmpfs: initialized
[    1.514523] evm: security.selinux
[    1.516257] evm: security.SMACK64
[    1.517928] evm: security.SMACK64EXEC
[    1.519717] evm: security.SMACK64TRANSMUTE
[    1.521579] evm: security.SMACK64MMAP
[    1.523386] evm: security.ima
[    1.524925] evm: security.capability
[    1.527030] clocksource: jiffies: mask: 0xffffffff max_cycles: 0xffffffff, max_idle_ns: 7645041785100000 ns
[    1.531105] futex hash table entries: 512 (order: 3, 32768 bytes)
[    1.533796] pinctrl core: initialized pinctrl subsystem
[    1.536217] RTC time: 17:53:27, date: 08/18/19
[    1.538833] NET: Registered protocol family 16
[    1.551057] cpuidle: using governor ladder
[    1.566826] cpuidle: using governor menu
[    1.572170] PCCT header not found.
[    1.579031] ACPI: bus type PCI registered
[    1.581509] acpiphp: ACPI Hot Plug PCI Controller Driver version: 0.5
[    1.586054] PCI: Using configuration type 1 for base access
[    1.604362] ACPI: Added _OSI(Module Device)
[    1.607494] ACPI: Added _OSI(Processor Device)
[    1.609881] ACPI: Added _OSI(3.0 _SCP Extensions)
[    1.611998] ACPI: Added _OSI(Processor Aggregator Device)
[    1.616009] ACPI: Executed 1 blocks of module-level executable AML code
[    1.625896] ACPI: Interpreter enabled
[    1.628316] ACPI: (supports S0 S5)
[    1.629956] ACPI: Using IOAPIC for interrupt routing
[    1.632581] PCI: Using host bridge windows from ACPI; if necessary, use "pci=nocrs" and report a bug
[    1.647910] ACPI: PCI Root Bridge [PCI0] (domain 0000 [bus 00-ff])
[    1.650414] acpi PNP0A03:00: _OSC: OS supports [ASPM ClockPM Segments MSI]
[    1.653206] acpi PNP0A03:00: _OSC: not requesting OS control; OS requires [ExtendedConfig ASPM ClockPM MSI]
[    1.657811] acpi PNP0A03:00: fail to add MMCONFIG information, can't access extended PCI configuration space under this bridge.
[    1.663098] PCI host bridge to bus 0000:00
[    1.664958] pci_bus 0000:00: root bus resource [io  0x0000-0x0cf7 window]
[    1.667715] pci_bus 0000:00: root bus resource [io  0x0d00-0xffff window]
[    1.670661] pci_bus 0000:00: root bus resource [mem 0x000a0000-0x000bffff window]
[    1.675484] pci_bus 0000:00: root bus resource [mem 0x40000000-0xfdffffff window]
[    1.683909] pci_bus 0000:00: root bus resource [bus 00-ff]
[    1.693165] pci 0000:00:01.1: legacy IDE quirk: reg 0x10: [io  0x01f0-0x01f7]
[    1.696539] pci 0000:00:01.1: legacy IDE quirk: reg 0x14: [io  0x03f6]
[    1.700071] pci 0000:00:01.1: legacy IDE quirk: reg 0x18: [io  0x0170-0x0177]
[    1.703793] pci 0000:00:01.1: legacy IDE quirk: reg 0x1c: [io  0x0376]
[    1.774773] pci 0000:00:07.0: quirk: [io  0x4000-0x403f] claimed by PIIX4 ACPI
[    1.779515] pci 0000:00:07.0: quirk: [io  0x4100-0x410f] claimed by PIIX4 SMB
[    1.804818] ACPI: PCI Interrupt Link [LNKA] (IRQs 5 9 10 *11)
[    1.808676] ACPI: PCI Interrupt Link [LNKB] (IRQs 5 9 *10 11)
[    1.812029] ACPI: PCI Interrupt Link [LNKC] (IRQs 5 *9 10 11)
[    1.815394] ACPI: PCI Interrupt Link [LNKD] (IRQs 5 9 10 *11)
[    1.818864] ACPI: Enabled 2 GPEs in block 00 to 07
[    1.821897] vgaarb: setting as boot device: PCI:0000:00:02.0
[    1.824174] vgaarb: device added: PCI:0000:00:02.0,decodes=io+mem,owns=io+mem,locks=none
[    1.827906] vgaarb: loaded
[    1.829372] vgaarb: bridge control possible 0000:00:02.0
[    1.832277] SCSI subsystem initialized
[    1.834237] ACPI: bus type USB registered
[    1.836148] usbcore: registered new interface driver usbfs
[    1.838583] usbcore: registered new interface driver hub
[    1.840951] usbcore: registered new device driver usb
[    1.843623] PCI: Using ACPI for IRQ routing
[    1.846181] NetLabel: Initializing
[    1.847872] NetLabel:  domain hash size = 128
[    1.849812] NetLabel:  protocols = UNLABELED CIPSOv4
[    1.856702] NetLabel:  unlabeled traffic allowed by default
[    1.859708] amd_nb: Cannot enumerate AMD northbridges
[    1.862731] clocksource: Switched to clocksource kvm-clock
[    1.890362] AppArmor: AppArmor Filesystem Enabled
[    1.892933] pnp: PnP ACPI init
[    1.896946] pnp: PnP ACPI: found 3 devices
[    1.914276] clocksource: acpi_pm: mask: 0xffffff max_cycles: 0xffffff, max_idle_ns: 2085701024 ns
[    1.919565] NET: Registered protocol family 2
[    1.922968] TCP established hash table entries: 8192 (order: 4, 65536 bytes)
[    1.926962] TCP bind hash table entries: 8192 (order: 5, 131072 bytes)
[    1.930952] TCP: Hash tables configured (established 8192 bind 8192)
[    1.934153] UDP hash table entries: 512 (order: 2, 16384 bytes)
[    1.937530] UDP-Lite hash table entries: 512 (order: 2, 16384 bytes)
[    1.941201] NET: Regitered protocol family 1
[    1.987347] pci 0000:00:00.0: Limiting direct PCI/PCI transfers
[    1.990684] pci 0000:00:01.0: Activating ISA DMA hang workarounds
[    1.994159] Unpacking initramfs...

[    2.617836] Freeing initrd memory: 15380K
[    2.621838] RAPL PMU detected, API unit is 2^-32 Joules, 4 fixed counters 10737418240 ms ovfl timer
[    2.627538] hw unit of domain pp0-core 2^-0 Joules
[    2.635120] hw unit of domain package 2^-0 Joules
[    2.648029] hw unit of domain dram 2^-0 Joules
[    2.660267] hw unit of domain pp1-gpu 2^-0 Joules
[    2.664470] clocksource: tsc: mask: 0xffffffffffffffff max_cycles: 0x2283c236f90, max_idle_ns: 440795217409 ns
[    2.674984] platform rtc_cmos: registered platform RTC device (no PNP device found)
[    2.685837] Scanning for low memory corruption every 60 seconds
[    2.701031] audit: initializing netlink subsys (disabled)
[    2.706822] audit: type=2000 audit(1566150815.472:1): initialized
[    2.711473] Initialise system trusted keyring
[    2.716984] HugeTLB registered 2 MB page size, pre-allocated 0 pages
[    2.728591] zbud: loaded
[    2.733768] VFS: Disk quotas dquot_6.6.0
[    2.739339] VFS: Dquot-cache hash table entries: 512 (order 0, 4096 bytes)
[    2.745037] squashfs: version 4.0 (2009/01/31) Phillip Lougher
[    2.748781] fuse init (API version 7.23)
[    2.755106] Key type big_key registered
[    2.760829] Allocating IMA MOK and blacklist keyrings.
[    2.767797] Key type asymmetric registered
[    2.770616] Asymmetric key parser 'x509' registered
[    2.774132] Block layer SCSI generic (bsg) driver version 0.4 loaded (major 249)
[    2.782334] io scheduler noop registered
[    2.784485] io scheduler deadline registered (default)
[    2.792625] io scheduler cfq registered
[    2.800331] pci_hotplug: PCI Hot Plug PCI Core version: 0.5
[    2.809865] pciehp: PCI Express Hot Plug Controller Driver version: 0.4
[    2.815735] ACPI: AC Adapter [AC] (on-line)
[    2.822434] input: Power Button as /devices/LNXSYSTM:00/LNXPWRBN:00/input/input0
[    2.834354] ACPI: Power Button [PWRF]
[    2.842963] input: Sleep Button as /devices/LNXSYSTM:00/LNXSLPBN:00/input/input1
[    2.847089] ACPI: Sleep Button [SLPF]
[    2.850127] GHES: HEST is not enabled!
[    2.852688] Serial: 8250/16550 driver, 32 ports, IRQ sharing enabled
[    2.852698] ACPI: Battery Slot [BAT0] (battery present)
[    2.894313] 00:02: ttyS0 at I/O 0x3f8 (irq = 4, base_baud = 115200) is a 16550A
[    2.903909] Linux agpgart interface v0.103
[    2.918247] loop: module loaded
[    2.922143] scsi host0: ata_piix
[    2.924896] scsi host1: ata_piix
[    2.927092] ata1: PATA max UDMA/33 cmd 0x1f0 ctl 0x3f6 bmdma 0xd000 irq 14
[    2.930452] ata2: PATA max UDMA/33 cmd 0x170 ctl 0x376 bmdma 0xd008 irq 15
[    2.934445] libphy: Fixed MDIO Bus: probed
[    2.936820] tun: Universal TUN/TAP device driver, 1.6
[    2.944535] tun: (C) 1999-2004 Max Krasnyansky <maxk@qualcomm.com>
[    2.954648] PPP generic driver version 2.4.2
[    2.960716] ehci_hcd: USB 2.0 'Enhanced' Host Controller (EHCI) Driver
[    2.964463] ehci-pci: EHCI PCI platform driver
[    2.967389] ehci-platform: EHCI generic platform driver
[    2.970937] ohci_hcd: USB 1.1 'Open' Host Controller (OHCI) Driver
[    2.974383] ohci-pci: OHCI PCI platform driver
[    2.977114] ohci-platform: OHCI generic platform driver
[    2.980134] uhci_hcd: USB Universal Host Controller Interface driver
[    2.984163] i8042: PNP: PS/2 Controller [PNP0303:PS2K,PNP0f03:PS2M] at 0x60,0x64 irq 1,12
[    2.990281] serio: i8042 KBD port at 0x60,0x64 irq 1
[    2.993316] serio: i8042 AUX port at 0x60,0x64 irq 12
[    2.997881] mousedev: PS/2 mouse device common for all mice
[    3.003673] input: AT Translated Set 2 keyboard as /devices/platform/i8042/serio0/input/input2
[    3.011332] rtc_cmos rtc_cmos: rtc core: registered rtc_cmos as rtc0
[    3.015348] rtc_cmos rtc_cmos: alarms up to one day, 114 bytes nvram
[    3.019137] i2c /dev entries driver
[    3.022033] device-mapper: uevent: version 1.0.3
[    3.025332] device-mapper: ioctl: 4.34.0-ioctl (2015-10-28) initialised: dm-devel@redhat.com
[    3.030763] ledtrig-cpu: registered to indicate activity on CPUs
[    3.035809] NET: Registered protocol family 10
[    3.040504] NET: Registered protocol family 17
[    3.043686] Key type dns_resolver registered
[    3.047910] registered taskstats version 1
[    3.050522] Loading compiled-in X.509 certificates
[    3.055178] Loaded X.509 cert 'Build time autogenerated kernel key: d14182f9795b80ec340f636a5a08bf5817ccd8e7'
[    3.069905] zswap: loaded using pool lzo/zbud
[    3.082791] Key type trusted registered
[    3.094888] Key type encrypted registered
[    3.097549] AppArmor: AppArmor sha1 policy hashing enabled
[    3.116599] ima: No TPM chip found, activating TPM-bypass!
[    3.120037] ima: Allocated hash algorithm: sha1
[    3.124481] evm: HMAC attrs: 0x1
[    3.127713]   Magic number: 15:507:896
[    3.130401] rtc_cmos rtc_cmos: setting system clock to 2019-08-18 17:53:29 UTC (1566150809)
[    3.136014] BIOS EDD facility v0.16 2004-Jun-25, 0 devices found
[    3.139629] EDD information not available.
[    3.155635] Freeing unused kernel memory: 1488K
[    3.166990] Write protecting the kernel read-only data: 14336k
[    3.343787] Freeing unused kernel memory: 1608K
[    3.346950] Freeing unused kernel memory: 64K
Loading, please wait...
starting version[    3.384373] random: systemd-udevd: uninitialized urandom read (16 bytes read, 5 bits of entropy available)
 229
[    3.385493] random: udevadm: uninitialized urandom read (16 bytes read, 5 bits of entropy available)
[    3.385598] random: udevadm: uninitialized urandom read (16 bytes read, 5 bits of entropy available)
[    3.425705] random: udevadm: uninitialized urandom read (16 bytes read, 5 bits of entropy available)
[    3.425825] random: udevadm: uninitialized urandom read (16 bytes read, 5 bits of entropy available)
[    3.426229] random: udevadm: uninitialized urandom read (16 bytes read, 5 bits of entropy available)
[    3.426377] random: udevadm: uninitialized urandom read (16 bytes read, 5 bits of entropy available)
[    3.426518] random: udevadm: uninitialized urandom read (16 bytes read, 5 bits of entropy available)
[    3.426706] random: udevadm: uninitialized urandom read (16 bytes read, 5 bits of entropy available)
[    3.426849] random: udevadm: uninitialized urandom read (16 bytes read, 5 bits of entropy available)
[    3.577535] e1000: Intel(R) PRO/1000 Network Driver - version 7.3.21-k8-NAPI
[    3.582227] e1000: Copyright (c) 1999-2006 Intel Corporation.
[    3.612880] Fusion MPT base driver 3.04.20
[    3.616246] Copyright (c) 1999-2008 LSI Corporation
[    3.676789] Fusion MPT SPI Host driver 3.04.20
[    3.717172] AVX2 version of gcm_enc/dec engaged.
[    3.726057] AES CTR mode by8 optimization enabled
[    3.861663] input: ImExPS/2 Generic Explorer Mouse as /devices/platform/i8042/serio1/input/input4
[    4.183027] e1000 0000:00:03.0 eth0: (PCI:33MHz:32-bit) 02:bd:e0:5c:30:55
[    4.186986] e1000 0000:00:03.0 eth0: Intel(R) PRO/1000 Network Connection
[    4.707837] e1000 0000:00:08.0 eth1: (PCI:33MHz:32-bit) 08:00:27:ab:d7:81
[    4.711399] e1000 0000:00:08.0 eth1: Intel(R) PRO/1000 Network Connection
[    4.720085] e1000 0000:00:03.0 enp0s3: renamed from eth0
[    4.726316] mptbase: ioc0: Initiating bringup
[    4.740762] e1000 0000:00:08.0 enp0s8: renamed from eth1
[    4.803545] ioc0: LSI53C1030 A0: Capabilities={Initiator}
[    4.969541] scsi host2: ioc0: LSI53C1030 A0, FwRev=00000000h, Ports=1, MaxQ=256, IRQ=20
[    5.087514] scsi 2:0:0:0: Direct-Access     VBOX     HARDDISK         1.0  PQ: 0 ANSI: 5
[    5.093217] scsi target2:0:0: Beginning Domain Validation
[    5.128952] scsi target2:0:0: Domain Validation skipping write tests
[    5.132418] scsi target2:0:0: Ending Domain Validation
[    5.135548] scsi target2:0:0: asynchronous
[    5.139059] scsi 2:0:1:0: Direct-Access     VBOX     HARDDISK         1.0  PQ: 0 ANSI: 5
[    5.144211] scsi target2:0:1: Beginning Domain Validation
[    5.544909] scsi target2:0:1: Domain Validation skipping write tests
[    5.547956] scsi target2:0:1: Ending Domain Validation
[    5.550478] scsi target2:0:1: asynchronous
[    5.679122] sd 2:0:0:0: [sda] 20971520 512-byte logical blocks: (10.7 GB/10.0 GiB)
[    5.683914] sd 2:0:0:0: Attached scsi generic sg0 type 0
[    5.688279] sd 2:0:1:0: [sdb] 20480 512-byte logical blocks: (10.5 MB/10.0 MiB)
[    5.693374] sd 2:0:1:0: [sdb] Write Protect is off
[    5.693470] sd 2:0:1:0: Attached scsi generic sg1 type 0
[    5.693682] sd 2:0:0:0: [sda] Write Protect is off
[    5.705983] sd 2:0:0:0: [sda] Incomplete mode parameter data
[    5.705986] sd 2:0:0:0: [sda] Assuming drive cache: write through
[    5.715158] sd 2:0:1:0: [sdb] Incomplete mode parameter data
[    5.717529] sd 2:0:1:0: [sdb] Assuming drive cache: write through
[    5.750800]  sda: sda1
[    5.755608] sd 2:0:0:0: [sda] Attached SCSI disk
[    5.775836] sd 2:0:1:0: [sdb] Attached SCSI disk
Begin: Loading essential drivers ... [    7.844135] md: linear personality registered for level -1
[    7.860917] md: multipath personality registered for level -4
[    7.868832] md: raid0 personality registered for level 0
[    7.878372] md: raid1 personality registered for level 1
[    7.954838] raid6: sse2x1   gen()  2375 MB/s
[    8.034786] raid6: sse2x1   xor()  1535 MB/s
[    8.114794] raid6: sse2x2   gen()  4104 MB/s
[    8.186963] raid6: sse2x2   xor()  2846 MB/s
[    8.254856] raid6: sse2x4   gen()  6083 MB/s
[    8.322786] raid6: sse2x4   xor()  3590 MB/s
[    8.398857] raid6: avx2x1   gen()  5000 MB/s
[    8.467197] raid6: avx2x2   gen()  9567 MB/s
[    8.538773] raid6: avx2x4   gen() 12329 MB/s
[    8.540783] raid6: using algorithm avx2x4 gen() 12329 MB/s
[    8.543058] raid6: using avx2x2 recovery algorithm
[    8.547303] xor: automatically using best checksumming function:
[    8.586765]    avx       : 14420.000 MB/sec
[    8.602000] async_tx: api initialized (async)
[    8.631542] md: raid6 personality registered for level 6
[    8.636268] md: raid5 personality registered for level 5
[    8.639302] md: raid4 personality registered for level 4
[    8.656502] md: raid10 personality registered for level 10
done.
Begin: Running /scripts/init-premount ... done.
Begin: Mounting root file system ... Begin: Running /scripts/local-top ... done.
Begin: Running /scripts/local-premount ... [    8.734450] Btrfs loaded
Scanning for Btrfs filesystems
done.
Warning: fsck not present, so skipping root file system
[    8.864082] EXT4-fs (sda1): mounted filesystem with ordered data mode. Opts: (null)
done.
Begin: Running /scripts/local-bottom ... done.
Begin: Running /scripts/init-bottom ... done.
[   10.667055] random: nonblocking pool is initialized
[   11.429642] systemd[1]: systemd 229 running in system mode. (+PAM +AUDIT +SELINUX +IMA +APPARMOR +SMACK +SYSVINIT +UTMP +LIBCRYPTSETUP +GCRYPT +GNUTLS +ACL +XZ -LZ4 +SECCOMP +BLKID +ELFUTILS +KMOD -IDN)
[   11.463803] systemd[1]: Detected virtualization oracle.
[   11.469104] systemd[1]: Detected architecture x86-64.

Welcome to [1mUbuntu 16.04.6 LTS[0m!

[   11.56779] systemd[1: Set hostname to <ubuntu-xenial>.
[   14.128544] systemd[1]: Listening on Journal Socket (/dev/log).
[[0;32m  OK  [0m] Listening on Journal Socket (/dev/log).
[   14.143364] systemd[1]: Started Forward Password Requests to Wall Directory Watch.
[[0;32m  OK  [0m] Started Forward Password Requests to Wall Directory Watch.
[   14.152992] systemd[1]: Set up automount Arbitrary Executable File Formats File System Automount Point.
[[0;32m  OK  [0m] Set up automount Arbitrary Executab...ats File System Automount Point.
[   14.162874] systemd[1]: Created slice User and Session Slice.
[[0;32m  OK  [0m] Created slice User and Session Slice.
[   14.168911] systemd[1]: Reached target Encrypted Volumes.
[[0;32m  OK  [0m] Reached target Encrypted Volumes.
[   14.174918] systemd[1]: Started Trigger resolvconf update for networkd DNS.
[[0;32m  OK  [0m] Started Trigger resolvconf update for networkd DNS.
[   14.211825] systemd[1]: Listening on Syslog Socket.
[[0;32m  OK  [0m] Listening on Syslog Socket.
[   14.217171] systemd[1]: Listening on Device-mapper event daemon FIFOs.
[[0;32m  OK  [0m] Listening on Device-mapper event daemon FIFOs.
[   14.224011] systemd[1]: Listening on udev Kernel Socket.
[[0;32m  OK  [0m] Listening on udev Kernel Socket.
[   14.229899] systemd[1]: Listening on LVM2 poll daemon socket.
[[0;32m  OK  [0m] Listening on LVM2 poll daemon socket.
[   14.238767] systemd[1]: Reached target Swap.
[[0;32m  OK  [0m] Reached target Swap.
[   14.259624] systemd[1]: Listening on LVM2 metadata daemon socket.
[[0;32m  OK  [0m] Listening on LVM2 metadata daemon socket.
[   14.274919] systemd[1]: Listening on udev Control Socket.
[[0;32m  OK  [0m] Listening on udev Control Socket.
[   14.321493] systemd[1]: Reached target User and Group Name Lookups.
[[0;32m  OK  [0m] Reached target User and Group Name Lookups.
[   14.336477] systemd[1]: Listening on Journal Audit Socket.
[[0;32m  OK  [0m] Listening on Journal Audit Socket.
[   14.351414] systemd[1]: Reached target System Time Synchronized.
[[0;32m  OK  [0m] Reached target System Time Synchronized.
[   14.373159] systemd[1]: Created slice System Slice.
[[0;32m  OK  [0m] Created slice System Slice.
[   14.387554] systemd[1]: Reached target Slices.
[[0;32m  OK  [0m] Reached target Slices.
[   14.432109] systemd[1]: Created slice system-serial\x2dgetty.slice.
[[0;32m  OK  [0m] Created slice system-serial\x2dgetty.slice.
[   14.446381] systemd[1]: Listening on /dev/initctl Compatibility Named Pipe.
[[0;32m  OK  [0m] Listening on /dev/initctl Compatibility Named Pipe.
[   14.459758] systemd[1]: Listening on Journal Socket.
[[0;32m  OK  [0m] Listening on Journal Socket.
[   14.487126] systemd[1]: Starting Monitoring of LVM2 mirrors, snapshots etc. using dmeventd or progress polling...
         Starting Monitoring of LVM2 mirrors... dmeventd or progress polling...
[   14.603545] systemd[1]: Starting Set console keymap...
         Starting Set console keymap...
[   14.687071] systemd[1]: Starting Load Kernel Modules...
         Starting Load Kernel Modules...
[   14.705003] systemd[1]: Starting Remount Root and Kernel File Systems...
         Starting Remount Root and Kernel File Systems...
[   14.747693] systemd[1]: Starting Uncomplicated firewall...
         Starting Uncomplicated firewall...
[   14.764757] systemd[1]: Mounting RPC Pipe File System...
         Mounting RPC Pipe File System...
[   14.788531] systemd[1]: Starting Create list of required static device nodes for the current kernel...
         Starting Create list of required st... nodes for the current kernel...
[   14.836098] systemd[1]: Starting Nameserver information manager...
         Starting Nameserver information manager...
[   14.860416] systemd[1]: Mounting POSIX Message Queue File System...
         Mounting POSIX Message Queue File System...
[   14.895479] systemd[1]: Starting Journal Service...
         Starting Journal Service...
[   14.912603] systemd[1]: Mounting Huge Pages File System...
         Mounting Huge Pages File System...
[   14.919374] systemd[1]: Mounting Debug File System...
         Mounting Debug File System...
[   14.981850] systemd[1]: Started Uncomplicated firewall.
[[0;32m  OK  [0m] Started Uncomplicated firewall.
[   15.112623] systemd[1]: Started Create list of required static device nodes for the current kernel.
[[0;32m  OK  [0m] Started Create list of required sta...ce nodes for the current kernel.
[   15.138953] EXT4-fs (sda1): re-mounted. Opts: (null)
[   15.156502] systemd[1]: Started Remount Root and Kernel File Systems.
[[0;32m  OK  [0m] Started Remount Root and Kernel File Systems.
[   15.187617] systemd[1]: Mounted POSIX Message Queue File System.
[[0;32m  OK  [0m] Mounted POSIX Message Queue File System.
[   15.212070] systemd[1]: Mounted Huge Pages File System.
[[0;32m  OK  [0m] Mounted Huge Pages File System.
[   15.239387] systemd[1]: Mounted Debug File System.
[[0;32m  OK  [0m] Mounted Debug File System.
[   15.395157] Loading iSCSI transport class v2.0-870.
[   15.467058] systemd[1]: Starting udev Coldplug all Devices...
         Starting udev Coldplug all Devices...
[   15.488912] systemd[1]: Starting Load/Save Random Seed...
         Starting Load/Save Random Seed...
[   15.497800] systemd[1]: Starting Create Static Device Nodes in /dev...
         Starting Create Static Device Nodes in /dev...
[   15.516611] systemd[1]: Started Nameserver information manager.
[[0;32m  OK  [0m] Started Nameserver information manager.
[   15.571539] systemd[1]: Started LVM2 metadata daemon.
[[0;32m  OK  [0m] Started LVM2 metadata daemon.
[   15.748639] iscsi: registered transport (tcp)
[   15.844203] RPC: Registered named UNIX socket transport module.
[   15.852775] RPC: Registered udp transport module.
[   15.859744] RPC: Registered tcp transport module.
[   15.864175] RPC: Registered tcp NFSv4.1 backchannel transport module.
[   15.869446] systemd[1]: Mounted RPC Pipe File System.
[[0;32m  OK  [0m] Mounted RPC Pipe File System.
[   15.971165] systemd[1]: Started Load/Save Random Seed.
[[0;32m  OK  [0m] Started Load/Save Random Seed.
[   16.032453] systemd[1]: Started Set console keymap.
[[0;32m  OK  [0m] Started Set console keymap.
[   16.099216] systemd[1]: Started Journal Service.
[[0;32m  OK  [0m] Started Journal Service.
[[0;32m  OK  [0m] Started udev Coldplug all Devices.
         Starting Flush Journal to Persistent Storage...
[   16.289647] systemd-journald[397]: Received request to flush runtime journal from PID 1
[[0;32m  OK  [0m] Started Flush Journal to Persistent Storage.
[   16.528074] iscsi: registered transport (iser)
[[0;32m  OK  [0m] Started Monitoring of LVM2 mirrors,...ng dmeventd or progress polling.
[[0;32m  OK  [0m] Started Load Kernel Modules.
         Mounting FUSE Control File System...
         Starting Apply Kernel Variables...
[[0;32m  OK  [0m] Mounted FUSE Control File System.
[[0;32m  OK  [0m] Started Apply Kernel Variables.
[[0;32m  OK  [0m] Started Create Static Device Nodes in /dev.
         Starting udev Kernel Device Manager...
[[0;32m  OK  [0m] Reached target Local File Systems (Pre).
[[0;32m  OK  [0m] Reached target Local File Systems.
         Starting Create Volatile Files and Directories...
         Starting Set console font and keymap...
         Starting Tell Plymouth To Write Out Runtime Data...
         Starting LSB: AppArmor initialization...
         Starting Initial cloud-init job (pre-networking)...
         Starting Preprocess NFS configuration...
[[0;32m  OK  [0m] Started Tell Plymouth To Write Out Runtime Data.
[[0;32m  OK  [0m] Started Preprocess NFS configuration.
[[0;32m  OK  [0m] Reached target NFS client services.
[[0;32m  OK  [0m] Started Create Volatile Files and Directories.
         Starting Update UTMP about System Boot/Shutdown...
[[0;32m  OK  [0m] Started Update UTMP about System Boot/Shutdown.
[[0;32m  OK  [0m] Started udev Kernel Device Manager.
[[0;32m  OK  [0m] Started Dispatch Password Requests to Console Directory Watch.
[[0;32m  OK  [0m] Started Set console font and keymap.
[[0;32m  OK  [0m] Created slice system-getty.slice.
[[0;32m  OK  [0m] Found device /dev/ttyS0.
[[0;32m  OK  [0m] Listening on Load/Save RF Kill Switch Status /dev/rfkill Watch.
[[0;32m  OK  [0m] Found device 82540EM Gigabit Ethern...r (PRO/1000 MT Desktop Adapter).
[[0;32m  OK  [0m] Found device 82540EM Gigabit Ethern...r (PRO/1000 MT Desktop Adapter).
[[0;32m  OK  [0m] Started LSB: AppArmor initialization.
[   25.057394] cloud-init[492]: Cloud-init v. 19.1-1-gbaa47854-0ubuntu1~16.04.1 running 'init-local' at Sun, 18 Aug 2019 17:53:51 +0000. Up 23.93 seconds.
[[0;32m  OK  [0m] Started Initial cloud-init job (pre-networking).
[[0;32m  OK  [0m] Reached target Network (Pre).
[[0;32m  OK  [0m] Started ifup for enp0s3.
         Starting Raise network interfaces...
[[0;32m  OK  [0m] Started ifup for enp0s8.
[[0;32m  OK  [0m] Started Raise network interfaces.
         Starting Initial cloud-init job (metadata service crawler)...
[[0;32m  OK  [0m] Reached target Network.
[   28.327978] cloud-init[1109]: Cloud-init v. 19.1-1-gbaa47854-0ubuntu1~16.04.1 running 'init' at Sun, 18 Aug 2019 17:53:54 +0000. Up 26.91 seconds.
[   28.444297] cloud-init[1109]: ci-info: ++++++++++++++++++++++++++++++++++++++Net device info+++++++++++++++++++++++++++++++++++++++
[   28.444903] cloud-init[1109]: ci-info: +--------+------+-----------------------------+---------------+--------+-------------------+
[[0;32m  OK  [0m] Started Initial cloud-init job (metadata service crawler).
[   28.445572] cloud-init[1109]: ci-info: | Device |  Up  |           Address           |      Mask     | Scope  |     Hw-Address    |
[   28.509249] cloud-init[1109]: ci-info: +--------+------+-----------------------------+---------------+--------+-------------------+
[   28.510045] cloud-init[1109]: ci-info: | enp0s3 | True |          10.0.2.15          | 255.255.255.0 | global | 02:bd:e0:5c:30:55 |
[   28.510538] cloud-init[1109]: ci-info: | enp0s3 | True |  fe80::bd:e0ff:fe5c:3055/64 |       .       |  link  | 02:bd:e0:5c:30:55 |
[   28.510927] cloud-init[1109]: ci-info: | enp0s8 | True |         172.28.128.3        | 255.255.255.0 | global | 08:00:27:ab:d7:81 |
[   28.511835] cloud-init[1109]: ci-info: | enp0s8 | True | fe80::a00:27ff:feab:d781/64 |       .       |  link  | 08:00:27:ab:d7:81 |
[   28.512841] cloud-init[1109]: ci-info: |   lo   | True |          127.0.0.1          |   255.0.0.0   |  host  |         .         |
[   28.513172] cloud-init[1109]: ci-info: |   lo   | True |           ::1/128           |       .       |  host  |         .         |
[   28.513879] cloud-init[1109]: ci-info: +--------+------+-----------------------------+---------------+--------+-------------------+
[   28.514365] cloud-init[1109]: ci-info: ++++++++++++++++++++++++++++Route IPv4 info++++++++++++++++++++++++++++
[   28.514794] cloud-init[1109]: ci-info: +-------+--------------+----------+---------------+-----------+-------+
[   28.515691] cloud-init[1109]: ci-info: | Route | Destination  | Gateway  |    Genmask    | Interface | Flags |
[   28.516106] cloud-init[1109]: ci-info: +-------+--------------+----------+---------------+-----------+-------+
[   28.516396] cloud-init[1109]: ci-info: |   0   |   0.0.0.0    | 10.0.2.2 |    0.0.0.0    |   enp0s3  |   UG  |
[[0;32m  OK  [0m] Reached target Network is Online.
[   28.516761] cloud-init[1109]: ci-info: |   1   |   10.0.2.0   | 0.0.0.0  | 255.255.255.0 |   enp0s3  |   U   |
[   28.669067] cloud-init[1109]: ci-info: |   2   | 172.28.128.0 | 0.0.0.0  | 255.255.255.0 |   enp0s8  |   U   |
[   28.677823] cloud-init[1109]: ci-info: +-------+--------------+----------+---------------+-----------+-------+
[   28.711679] cloud-init[1109]: ci-info: +++++++++++++++++++Route IPv6 info+++++++++++++++++++
[   28.712518] cloud-init[1109]: ci-info: +-------+-------------+---------+-----------+-------+
[   28.713397] cloud-init[1109]: ci-info: | Route | Destination | Gateway | Interface | Flags |
[   28.715238] cloud-init[1109]: ci-info: +-------+-------------+---------+-----------+-------+
[   28.715600] cloud-init[1109]: ci-info: |   0   |  fe80::/64  |    ::   |   enp0s3  |   U   |
[   28.715949] cloud-init[1109]: ci-info: |   1   |  fe80::/64  |    ::   |   enp0s8  |   U   |
[   28.717610] cloud-init[1109]: ci-info: |   4   |   ff00::/8  |    ::   |   enp0s3  |   U   |
[   28.717739] cloud-init[1109]: ci-info: |   5   |   ff00::/8  |    ::   |   enp0s8  |   U   |
         Starting iSCSI initiator daemon (iscsid)...
[   28.718018] cloud-init[1109]: ci-info: +-------+-------------+---------+-----------+-------+
[[0;32m  OK  [0m] Reached target System Initialization.
[[0;32m  OK  [0m] Listening on RPCbind Server Activation Socket.
         Starting LXD - unix socket.
[[0;32m  OK  [0m] Started Daily apt download activities.
[[0;32m  OK  [0m] Started Daily apt upgrade and clean activities.
[[0;32m  OK  [0m] Started Daily Cleanup of Temporary Directories.
[[0;32m  OK  [0m] Listening on D-Bus System Message Bus Socket.
         Starting Socket activation for snappy daemon.
[[0;32m  OK  [0m] Listening on ACPID Listen Socket.
[[0;32m  OK  [0m] Listening on UUID daemon activation socket.
[[0;32m  OK  [0m] Started Clean PHP session files every 30 mins.
[[0;32m  OK  [0m] Reached target Timers.
[[0;32m  OK  [0m] Started ACPI Events Check.
[[0;32m  OK  [0m] Reached target Paths.
[[0;32m  OK  [0m] Reached target Cloud-config availability.
[[0;32m  OK  [0m] Listening on LXD - unix socket.
[[0;32m  OK  [0m] Listening on Socket activation for snappy daemon.
[[0;32m  OK  [0m] Started iSCSI initiator daemon (iscsid).
         Starting Login to default iSCSI targets...
[[0;32m  OK  [0m] Reached target Sockets.
[[0;32m  OK  [0m] Reached target Basic System.
         Starting LSB: MD monitoring daemon...
         Starting Virtualbox guest utils...
[[0;32m  OK  [0m] Started D-Bus System Message Bus.
[[0;32m  OK  [0m] Started FUSE filesystem for LXC.
         Starting MySQL Community Server...
         Starting System Logging Service...
[[0;32m  OK  [0m] Started Regular background program processing daemon.
         Starting Clean php session files...
         Starting LSB: Record successful boot for GRUB...
         Starting Snappy daemon...
[[0;32m  OK  [0m] Started ACPI event daemon.
         Starting /etc/rc.local Compatibility...
         Starting Accounts Service...
         Starting Login Service...
[[0;32m  OK  [0m] Started Deferred execution scheduler.
         Starting OpenBSD Secure Shell server...
         Starting LXD - container startup/shutdown...
[[0;32m  OK  [0m] Started /etc/rc.local Compatibility.
[[0;32m  OK  [0m] Started Login Service.
[[0;32m  OK  [0m] Started Unattended Upgrades Shutdown.
[[0;32m  OK  [0m] Started System Logging Service.
[[0;32m  OK  [0m] Started Login to default iSCSI targets.
[[0;32m  OK  [0m] Reached target Remote File Systems (Pre).
[[0;32m  OK  [0m] Reached target Remote File Systems.
         Starting LSB: daemon to balance interrupts for SMP systems...
         Starting LSB: Apache2 web server...
         Starting Permit User Sessions...
         Starting LSB: automatic crash report generation...
         Starting LSB: Set the CPU Frequency Scaling governor to "ondemand"...
[[0;32m  OK  [0m] Started LSB: MD monitoring daemon.
[[0;32m  OK  [0m] Started LSB: Set the CPU Frequency Scaling governor to "ondemand".
[[0;32m  OK  [0m] Started LSB: Record successful boot for GRUB.
[[0;32m  OK  [0m] Started Permit User Sessions.
         Starting Hold until boot process finishes up...
         Starting Terminate Plymouth Boot Screen...
[[0;32m  OK  [0m] Started Hold until boot process finishes up.
[[0;32m  OK  [0m] Started Terminate Plymouth Boot Screen.
[[0;32m  OK  [0m] Started Serial Getty on ttyS0.
         Starting Set console scheme...
[[0;32m  OK  [0m] Started Getty on tty1.
[[0;32m  OK  [0m] Reached target Login Prompts.
[[0;32m  OK  [0m] Started Set console scheme.
[[0;32m  OK  [0m] Started LSB: automatic crash report generation.
[[0;32m  OK  [0m] Started LSB: daemon to balance interrupts for SMP systems.
[[0;32m  OK  [0m] Started Virtualbox guest utils.
[[0;32m  OK  [0m] Started OpenBSD Secure Shell server.
         Starting Authenticate and Authorize Users to Run Privileged Tasks...

Ubuntu 16.04.6 LTS ubuntu-xenial ttyS0

ubuntu-xenial login: [   46.939866] cloud-init[1501]: Cloud-init v. 19.1-1-gbaa47854-0ubuntu1~16.04.1 running 'modules:config' at Sun, 18 Aug 2019 17:54:13 +0000. Up 45.88 seconds.
[   62.298372] cloud-init[1978]: Cloud-init v. 19.1-1-gbaa47854-0ubuntu1~16.04.1 running 'modules:final' at Sun, 18 Aug 2019 17:54:29 +0000. Up 61.57 seconds.
[   62.302417] cloud-init[1978]: Cloud-init v. 19.1-1-gbaa47854-0ubuntu1~16.04.1 finished at Sun, 18 Aug 2019 17:54:29 +0000. Datasource DataSourceNoCloud [seed=/dev/sdb][dsmode=net].  Up 62.27 seconds
[[0;32m  OK  [0m] Stopped target Timers.
         Stopping User Manager for UID 1000...
         Stopping Session 14 of user vagrant.
         Stopping Authenticate and Authorize Users to Run Privileged Tasks...
[[0;32m  OK  [0m] Stopped Daily apt upgrade and clean activities.
[[0;32m  OK  [0m] Stopped target Cloud-init target.
         Unmounting RPC Pipe File System...
[[0;32m  OK  [0m] Stopped target Graphical Interface.
         Stopping Accounts Service...
[[0;32m  OK  [0m] Stopped Clean PHP session files every 30 mins.
[[0;32m  OK  [0m] Stopped Execute cloud user/final scripts.
[[0;32m  OK  [0m] Stopped target Multi-User System.
         p         Stopping Session 2 of user vagrant.
         Stopping ACPI event daemon...
[[0;32m  OK  [0m] Unmounted /var/lib/lxcfs.
[[0;32m  OK  [0m] Stopped System Logging Service.
[[0;32m  OK  [0m] Stopped Regular background program processing daemon.
[[0;32m  OK  [0m] Stopped ACPI event daemon.
[[0;32m  OK  [0m] Stopped Accounts Service.
[[0;32m  OK  [0m] Stopped Deferred execution scheduler.
[[0;32m  OK  [0m] Stopped Unattended Upgrades Shutdown.
[[0;32m  OK  [0m] Stopped Serial Getty on ttyS0.
[[0;32m  OK  [0m] Stopped Getty on tty1.
[[0;32m  OK  [0m] Stopped OpenBSD Secure Shell server.
[[0;32m  OK  [0m] Stopped Authenticate and Authorize Users to Run Privileged Tasks.
[[0;32m  OK  [0m] Stopped User Manager for UID 1000.
[[0;32m  OK  [0m] Stopped Session 2 of user vagrant.
[[0;32m  OK  [0m] Stopped Session 14 of user vagrant.
[[0;32m  OK  [0m] Unmounted RPC Pipe File System.
[[0;32m  OK  [0m] Stopped D-Bus System Message Bus.
[[0;32m  OK  [0m] Stopped FUSE filesystem for LXC.
[[0;32m  OK  [0m] Stopped Virtualbox guest utils.
[[0;32m  OK  [0m] Stopped LSB: MD monitoring daemon.
[[0;32m  OK  [0m] Stopped LXD - container startup/shutdown.
[[0;32m  OK  [0m] Stopped LSB: Record successful boot for GRUB.
[[0;32m  OK  [0m] Stopped LSB: automatic crash report generation.
[[0;32m  OK  [0m] Stopped LSB: daemon to balance interrupts for SMP systems.
[[0;32m  OK  [0m] Stopped LSB: Set the CPU Frequency Scaling governor to "ondemand".
[[0;32m  OK  [0m] Removed slice User Slice of vagrant.
[[0;32m  OK  [0m] Removed slice system-getty.slice.
[[0;32m  OK  [0m] Stopped /etc/rc.local Compatibility.
[[0;32m  OK  [0m] Removed slice system-serial\x2dgetty.slice.
         Stopping Permit User Sessions...
         Stopping Login Service...
[[0;32m  OK  [0m] Stopped Permit User Sessions.
[[0;32m  OK  [0m] Stopped Login Service.
[[0;32m  OK  [0m] Stopped target User and Group Name Lookups.
[[0;32m  OK  [0m] Stopped LSB: Apache2 web server.
[[0;32m  OK  [0m] Stopped target Remote File Systems.
         Unmounting /var/www/staff...
[[0;32m  OK  [0m] Unmounted /var/www/staff.
[[0;32m  OK  [0m] Stopped target Remote File Systems (Pre).
[[0;32m  OK  [0m] Stopped target NFS client services.
         Stopping Login to default iSCSI targets...
[[0;32m  OK  [0m] Stopped Login to default iSCSI targets.
         Stopping iSCSI initiator daemon (iscsid)...
[[0;32m  OK  [0m] Stopped iSCSI initiator daemon (iscsid).
[[0;32m  OK  [0m] Stopped MySQL Community Server.
[[0;32m  OK  [0m] Stopped target Basic System.
[[0;32m  OK  [0m] Stopped target Slices.
[[0;32m  OK  [0m] Removed slice User and Session Slice.
[[0;32m  OK  [0m] Stopped target Paths.
[[0;32m  OK  [0m] Stopped Forward Password Requests to Wall Directory Watch.
[[0;32m  OK  [0m] Stopped Dispatch Password Requests to Console Directory Watch.
[[0;32m  OK  [0m] Stopped ACPI Events Check.
[[0;32m  OK  [0m] Stopped target Sockets.
[[0;32m  OK  [0m] Closed LXD - unix socket.
[[0;32m  OK  [0m] Closed Socket activation for snappy daemon.
[[0;32m  OK  [0m] Closed RPCbind Server Activation Socket.
[[0;32m  OK  [0m] Closed UUID daemon activation socket.
[[0;32m  OK  [0m] Closed ACPID Listen Socket.
[[0;32m  OK  [0m] Closed Syslog Socket.
[[0;32m  OK  [0m] Closed D-Bus System Message Bus Socket.
[[0;32m  OK  [0m] Stopped target System Initialization.
         Stopping Load/Save Random Seed...
[[0;32m  OK  [0m] Stopped target Encrypted Volumes.
[[0;32m  OK  [0m] Stopped target Swap.
[[0;32m  OK  [0m] Stopped Create Volatile Files and Directories.
[[0;32m  OK  [0m] Stopped target Network is Online.
[[0;32m  OK  [0m] Stopped Initial cloud-init job (metadata service crawler).
[[0;32m  OK  [0m] Stopped target Network.
         Stopping Raise network interfaces...
[[0;32m  OK  [0m] Stopped Load/Save Random Seed.
[[0;32m  OK  [0m] Stopped Raise network interfaces.
[[0;32m  OK  [0m] Stopped target Network (Pre).
[[0;32m  OK  [0m] Stopped Initial cloud-init job (pre-networking).
[[0;32m  OK  [0m] Stopped Apply Kernel Variables.
[[0;32m  OK  [0m] Stopped Load Kernel Modules.
[[0;32m  OK  [0m] Stopped target Local File Systems.
         Unmounting /vagrant...
         Unmounting /run/user/1000...
[[0;1;31mFAILED[0m] Failed unmounting /vagrant.
[[0;32m  OK  [0m] Unmounted /run/user/1000.
[[0;32m  OK  [0m] Reached target Unmount All Filesystems.
[[0;32m  OK  [0m] Stopped target Local File Systems (Pre).
[[0;32m  OK  [0m] Stopped Remount Root and Kernel File Systems.
         Stopping Monitoring of LVM2 mirrors... dmeventd or progress polling...
[[0;32m  OK  [0m] Stopped Create Static Device Nodes in /dev.
[[0;32m  OK  [0m] Reached target Shutdown.
[11938.053874] reboot: Power down
